// Jest Snapshot v1, https://goo.gl/fbAQLP

exports[`test state 1`] = `ShallowWrapper {}`;
