// Jest Snapshot v1, https://goo.gl/fbAQLP

exports[`test confirmation alert 1`] = `ShallowWrapper {}`;
