// Jest Snapshot v1, https://goo.gl/fbAQLP

exports[`mocks apollo data 1`] = `null`;
