// Jest Snapshot v1, https://goo.gl/fbAQLP

exports[`header renders correctly 1`] = `ShallowWrapper {}`;
