// Jest Snapshot v1, https://goo.gl/fbAQLP

exports[`should render without error 1`] = `undefined`;
